<!DOCTYPE html>
            <html>
            <head>
                <style>
                body {
                    font-family: Arial, Helvetica, sans-serif;
                    font-size: 80%;
                }
                h1 {
                    font-size: 14pt;
                }
                thead {
                    font-weight: bold
                }
                table {
                    border-collapse: collapse;
                }
                table, th, td {
                    border: 1px solid black;
                }
                td {
                    padding: 0 10px 0 5px;
                }
                </style>
            </head>

            <body>

            <h1>Rendered Badge:</h1>
            <svg xmlns="http://www.w3.org/2000/svg" xmlns:xlink="http://www.w3.org/1999/xlink" width="135.407" height="28">
  <g shape-rendering="crispEdges">
    <rect width="63.626" height="28" fill="#555" />
    <rect x="63.626" width="71.781" height="28" fill="#dfb317" />
  </g>
  <g fill="#fff" text-anchor="middle" font-family="DejaVu Sans,Verdana,Geneva,sans-serif" font-size="100">
    <text x="318.13" y="175" transform="scale(0.1)" textLength="396.26" lengthAdjust="spacing">HELLO</text>
    <text x="995.165" y="175" font-weight="bold" transform="scale(0.1)" textLength="477.81" lengthAdjust="spacing">WORLD</text>
  </g>
</svg>
            <h1>Parameters:</h1>          
              <table>
                <thead>
                  <tr> <td>Name</td> <td>Value</td> </tr>
                </thead>
                <tbody>
                  <tr> <td>Style</td> <td>ForTheBadge</td> </tr>
                  <tr> <td>LeftText</td> <td>Hello</td> </tr>
                  <tr> <td>RightText</td> <td>World</td> </tr>
                  <tr> <td>Color</td> <td>yellow</td> </tr>
                  <tr> <td>LabelColor</td> <td></td> </tr>
                  <tr> <td>LeftLink</td> <td></td> </tr>
                  <tr> <td>RightLink</td> <td></td> </tr>
                </tbody>
              </table>

            </body>
            </html> 