<!DOCTYPE html>
            <html>
            <head>
                <style>
                body {
                    font-family: Arial, Helvetica, sans-serif;
                    font-size: 80%;
                }
                h1 {
                    font-size: 14pt;
                }
                thead {
                    font-weight: bold
                }
                table {
                    border-collapse: collapse;
                }
                table, th, td {
                    border: 1px solid black;
                }
                td {
                    padding: 0 10px 0 5px;
                }
                </style>
            </head>

            <body>

            <h1>Rendered Badge:</h1>
            <svg xmlns="http://www.w3.org/2000/svg" xmlns:xlink="http://www.w3.org/1999/xlink" width="82.652" height="20">
  <style type="text/css"><![CDATA[
      a #llink:hover { fill:url(#b); stroke:#ccc; }
      a #rlink:hover { fill:#4183C4; }
    ]]></style>
  <linearGradient id="a" x2="0" y2="100%">
    <stop offset="0" stop-color="#fcfcfc" stop-opacity="0" />
    <stop offset="1" stop-opacity=".1" />
  </linearGradient>
  <linearGradient id="b" x2="0" y2="100%">
    <stop offset="0" stop-color="#ccc" stop-opacity=".1" />
    <stop offset="1" stop-opacity=".1" />
  </linearGradient>
  <g stroke="#d5d5d5">
    <rect stroke="none" fill="#fcfcfc" x="0.5" y="0.5" width="37.533" height="19" rx="2" />
    <rect y="0.5" x="44.033" width="38.119" height="19" rx="2" fill="#fafafa" />
    <rect x="43.533" y="7.5" width="0.5" height="5" stroke="#fafafa" />
    <path d="M44.033 6.5 l-3 3v1 l3 3" stroke="d5d5d5" fill="#fafafa" />
  </g>
  <g fill="#333" text-anchor="middle" font-family="Helvetica Neue,Helvetica,Arial,sans-serif" font-weight="700" font-size="110px" line-height="14px">
    <text x="187.665" y="150" fill="#fff" transform="scale(0.1)" textLength="275.33" lengthAdjust="spacing">Hello</text>
    <text x="187.665" y="140" transform="scale(0.1)" textLength="275.33" lengthAdjust="spacing">Hello</text>
    <text x="625.925" y="150" fill="#fff" transform="scale(0.1)" textLength="301.19" lengthAdjust="spacing">World</text>
    <a target="_blank" xlink:href="http://github.com">
      <text id="rlink" x="625.925" y="140" transform="scale(0.1)" textLength="301.19" lengthAdjust="spacing">World</text>
    </a>
  </g>
  <a target="_blank" xlink:href="http://example.com">
    <rect id="llink" stroke="#d5d5d5" fill="url(#a)" x="0.5" y="0.5" width="37.533" height="19" rx="2" />
  </a>
</svg>
            <h1>Parameters:</h1>          
              <table>
                <thead>
                  <tr> <td>Name</td> <td>Value</td> </tr>
                </thead>
                <tbody>
                  <tr> <td>Style</td> <td>Social</td> </tr>
                  <tr> <td>LeftText</td> <td>Hello</td> </tr>
                  <tr> <td>RightText</td> <td>World</td> </tr>
                  <tr> <td>Color</td> <td>red</td> </tr>
                  <tr> <td>LabelColor</td> <td></td> </tr>
                  <tr> <td>LeftLink</td> <td>http://example.com</td> </tr>
                  <tr> <td>RightLink</td> <td>http://github.com</td> </tr>
                </tbody>
              </table>

            </body>
            </html> 