[assembly: System.Runtime.CompilerServices.InternalsVisibleToAttribute("GhBadgesSharp.Test")]
[assembly: System.Runtime.Versioning.TargetFrameworkAttribute(".NETStandard,Version=v2.0", FrameworkDisplayName="")]
namespace GhBadgesSharp
{
    public class static Badge
    {
        public static System.Xml.Linq.XElement MakeBadge(GhBadgesSharp.BadgeStyle style, string leftText, string rightText, string color = null, string labelColor = null, string leftLink = null, string rightLink = null) { }
    }
    public enum BadgeStyle
    {
        Flat = 0,
        FlatSquare = 1,
        Plastic = 2,
        ForTheBadge = 3,
        Social = 4,
    }
}